[ssagovclaim.netlify.app/apply/index.html]
[backblue.gif]
[fade.gif]
[index.html]
[ssagovclaim.netlify.app/settings.js]
[ssagovclaim.netlify.app/wp-includes/css/dist/block-library/style.minae48.css]
[ssagovclaim.netlify.app/wp-content/plugins/contact-form-7/includes/css/styles4999.css]
[ssagovclaim.netlify.app/wp-content/themes/oceanwp/assets/fonts/fontawesome/css/all.min9e0b.css]
[ssagovclaim.netlify.app/wp-content/themes/oceanwp/assets/css/third/simple-line-icons.min8d5a.css]
[ssagovclaim.netlify.app/wp-content/themes/oceanwp/assets/css/style.minccfb.css]
[ssagovclaim.netlify.app/wp-content/plugins/elementor/assets/lib/eicons/css/elementor-icons.min3b94.css]
[ssagovclaim.netlify.app/wp-content/plugins/elementor/assets/css/frontend-lite.mina3be.css]
[ssagovclaim.netlify.app/wp-content/plugins/elementor/assets/lib/swiper/css/swiper.min48f5.css]
[ssagovclaim.netlify.app/wp-content/uploads/elementor/css/post-54516.css]
[ssagovclaim.netlify.app/wp-content/uploads/elementor/css/global4516.css]
[ssagovclaim.netlify.app/wp-content/uploads/elementor/css/post-2105c7.css]
[ssagovclaim.netlify.app/wp-content/plugins/cf7-conditional-fields/style531b.css]
[ssagovclaim.netlify.app/wp-content/plugins/ocean-extra/assets/css/widgetsae48.css]
[ssagovclaim.netlify.app/apply/index-2.html]
[ssagovclaim.netlify.app/wp-content/uploads/2023/01/cropped-logo-1-32x32.png]
[ssagovclaim.netlify.app/wp-content/uploads/2023/01/cropped-logo-1-192x192.png]
[ssagovclaim.netlify.app/wp-content/uploads/2023/01/cropped-logo-1-180x180.png]
[ssagovclaim.netlify.app/wp-content/uploads/2023/01/ssalogo.png]
[ssagovclaim.netlify.app/apply/index.html]
[ssagovclaim.netlify.app/wp-includes/css/dist/block-library/style.minae48.css]
[ssagovclaim.netlify.app/wp-includes/css/classic-themes.minae48.css]
[ssagovclaim.netlify.app/wp-content/plugins/contact-form-7/includes/css/styles4999.css]
[ssagovclaim.netlify.app/wp-content/plugins/wpcf7-redirect/build/css/wpcf7-redirect-frontend.minae48.css]
[ssagovclaim.netlify.app/wp-content/plugins/ultimate-addons-for-contact-form-7/assets/css/uacf7-frontendae48.css]
[ssagovclaim.netlify.app/wp-content/themes/oceanwp/assets/fonts/fontawesome/css/all.min9e0b.css]
[ssagovclaim.netlify.app/wp-content/themes/oceanwp/assets/css/third/simple-line-icons.min8d5a.css]
[ssagovclaim.netlify.app/wp-content/themes/oceanwp/assets/css/style.minccfb.css]
[ssagovclaim.netlify.app/wp-content/plugins/elementor/assets/lib/eicons/css/elementor-icons.min3b94.css]
[ssagovclaim.netlify.app/wp-content/plugins/elementor/assets/css/frontend-lite.mina3be.css]
[ssagovclaim.netlify.app/wp-content/plugins/elementor/assets/lib/swiper/css/swiper.min48f5.css]
[ssagovclaim.netlify.app/wp-content/uploads/elementor/css/post-54516.css]
[ssagovclaim.netlify.app/wp-content/uploads/elementor/css/global4516.css]
[ssagovclaim.netlify.app/wp-content/uploads/elementor/css/post-2105c7.css]
[ssagovclaim.netlify.app/wp-content/plugins/cf7-conditional-fields/style531b.css]
[cdnjs.cloudflare.com/ajax/libs/jquery/3.6.0/jquery.min.js]
[ssagovclaim.netlify.app/wp-content/plugins/ocean-extra/assets/img/instagram-logo.png]
[ssagovclaim.netlify.app/wp-content/plugins/ocean-extra/assets/img/flickr.png]
[ssagovclaim.netlify.app/wp-content/plugins/ocean-extra/assets/css/widgetsae48.css]
[ssagovclaim.netlify.app/apply/index-2.html]
